Archive member included       because of file (symbol)

C:\Program Files (x86)\ASH WARE\GenericHostTools\V1_00A\gcc-m68k-ashware\lib\gcc-lib\m68k-coff\egcs-2.91.66\mcpu32/libgcc.a(fpgnulib.o)
                              obj\main.o (__floatsidf)
C:\Program Files (x86)\ASH WARE\GenericHostTools\V1_00A\gcc-m68k-ashware\lib\gcc-lib\m68k-coff\egcs-2.91.66\mcpu32/libgcc.a(_double.o)
                              obj\main.o (__adddf3)
C:\Program Files (x86)\ASH WARE\GenericHostTools\V1_00A\gcc-m68k-ashware\lib\gcc-lib\m68k-coff\egcs-2.91.66\mcpu32/libgcc.a(_gtdf2.o)
                              obj\main.o (__gtdf2)
C:\Program Files (x86)\ASH WARE\GenericHostTools\V1_00A\gcc-m68k-ashware\lib\gcc-lib\m68k-coff\egcs-2.91.66\mcpu32/libgcc.a(_floatex.o)
                              C:\Program Files (x86)\ASH WARE\GenericHostTools\V1_00A\gcc-m68k-ashware\lib\gcc-lib\m68k-coff\egcs-2.91.66\mcpu32/libgcc.a(_double.o) (_fpCCR)

Allocating common symbols
Common symbol       size              file

fs_etpu_free_param  0x4               obj\main.o
etpu_tooth_period_log
                    0x120             obj\main.o
etpu_cam_log        0x20              obj\main.o
fuel_3_states       0xa               obj\etpu_gct.o
g_scriptFailFlag    0x4               C:\GIT\ASHWARE\Builds\Lib\libcpu32.o
isrParam2TableAddr  0x4               C:\GIT\ASHWARE\Builds\Lib\libcpu32.o
eTPU                0x4               obj\main.o
inj_2_states        0x4               obj\etpu_gct.o
fuel_2_states       0xa               obj\etpu_gct.o
fuel_1_states       0xa               obj\etpu_gct.o
isrParam1Table      0x400             C:\GIT\ASHWARE\Builds\Lib\libcpu32.o
isrParam1TableAddr  0x4               C:\GIT\ASHWARE\Builds\Lib\libcpu32.o
spark_3_states      0x6               obj\etpu_gct.o
spark_4_states      0x6               obj\etpu_gct.o
crank_states        0xe               obj\etpu_gct.o
engine_position     0x8               obj\main.o
inj_1_states        0x4               obj\etpu_gct.o
tg_states           0x6               obj\etpu_gct.o
spark_2_states      0x6               obj\etpu_gct.o
isrAddrTable        0x400             C:\GIT\ASHWARE\Builds\Lib\libcpu32.o
isrAddrTableAddr    0x4               C:\GIT\ASHWARE\Builds\Lib\libcpu32.o
g_backDoorBuf       0x80              C:\GIT\ASHWARE\Builds\Lib\libcpu32.o
userVecTable        0x400             C:\GIT\ASHWARE\Builds\Lib\libcpu32.o
engine_speed        0x8               obj\main.o
fuel_4_states       0xa               obj\etpu_gct.o
spark_1_states      0x6               obj\etpu_gct.o
etpu_engine_load    0x4               obj\main.o
inj_3_states        0x4               obj\etpu_gct.o
isrParam2Table      0x400             C:\GIT\ASHWARE\Builds\Lib\libcpu32.o
inj_4_states        0x4               obj\etpu_gct.o
fs_free_param       0x4               obj\etpu_gct.o
isrFirstVecNum      0x4               C:\GIT\ASHWARE\Builds\Lib\libcpu32.o
cam_states          0x4               obj\etpu_gct.o

Memory Configuration

Name             Origin             Length             Attributes
ram1             0x00000000         0x00000400         xrw
ram2             0x00000400         0x0003fc00         xrw
*default*        0x00000000         0xffffffff

Linker script and memory map

LOAD C:\GIT\ASHWARE\Builds\Lib\libcpu32.o
LOAD obj\main.o
LOAD obj\etpu_gct.o
LOAD obj\etpu_util.o
LOAD obj\etpu_cam.o
LOAD obj\etpu_crank.o
LOAD obj\etpu_fuel.o
LOAD obj\etpu_inj.o
LOAD obj\etpu_knock.o
LOAD obj\etpu_spark.o
LOAD obj\etpu_tg.o
LOAD C:\Program Files (x86)\ASH WARE\GenericHostTools\V1_00A\gcc-m68k-ashware\lib\gcc-lib\m68k-coff\egcs-2.91.66\mcpu32/libgcc.a
LOAD C:\Program Files (x86)\ASH WARE\GenericHostTools\V1_00A\gcc-m68k-ashware\lib\gcc-lib\m68k-coff\egcs-2.91.66\mcpu32/libgcc.a
START GROUP
LOAD C:\Program Files (x86)\ASH WARE\GenericHostTools\V1_00A\gcc-m68k-ashware\m68k-coff\lib\mcpu32/libc.a
END GROUP
START GROUP
LOAD C:\Program Files (x86)\ASH WARE\GenericHostTools\V1_00A\gcc-m68k-ashware\m68k-coff\lib\mcpu32/libbcc.a
END GROUP
                0x0003fbf8                PROVIDE (__stack, 0x3fbf8)

.vecs           0x00000000      0x100
 *(.vectors)
 .vectors       0x00000000      0x100 C:\GIT\ASHWARE\Builds\Lib\libcpu32.o

.reset          0x00000400       0x48
 *(.reset)
 .reset         0x00000400       0x48 C:\GIT\ASHWARE\Builds\Lib\libcpu32.o
                0x0000042c                endloop
                0x0000042e                SimBackDoor
                0x00000400                start
                0x0003fff8                __stack=0x3fbf8

.text           0x00000448     0xb510
 *(.text)
 .text          0x00000448      0x770 C:\GIT\ASHWARE\Builds\Lib\libcpu32.o
                0x00000780                print
                0x0000083c                set_voltage
                0x00000498                isrSetVecBase
                0x00000b02                verify_mem_u32
                0x00000694                at_time
                0x000008ae                verify_current
                0x000006f2                read_time
                0x000004be                isrLibInit
                0x000007fc                set_angle_indices
                0x00000b9e                InternalErrorLoop
                0x00000a8e                verify_mem_u16
                0x000004b2                isrEnableAllInterrupts
                0x0000048c                defaultIsr
                0x0000063e                wait_time
                0x000009e4                write_tcrclk_pin
                0x00000b4e                SetBackdoorScriptHeaderAndDo
                0x000007b6                place_buffer
                0x00000564                isrConnect
                0x00000752                print_to_trace
                0x00000a1a                verify_mem_u8
                0x00000952                write_chan_input_pin
                0x0000060c                set_clk_period
                0x0000099e                verify_chan_output_pin
 .text          0x00000bb8      0xaa8 obj\main.o
                0x00000f30                etpu_spark_2_isr
                0x00000ee0                etpu_spark_1_isr
                0x00000bd2                etpu_crank_isr
                0x00000da0                etpu_fuel_1_isr
                0x00000bb8                aw_to_nxp_isr_translator
                0x0000112c                etpu_inj_3_isr
                0x00000e40                etpu_fuel_3_isr
                0x000011cc                etpu_tg_isr
                0x00000df0                etpu_fuel_2_isr
                0x0000108c                etpu_inj_1_isr
                0x00000e90                etpu_fuel_4_isr
                0x00000d58                etpu_cam_isr
                0x00000fd0                etpu_spark_4_isr
                0x000010dc                etpu_inj_2_isr
                0x000015dc                get_etpu_load_a
                0x0000117c                etpu_inj_4_isr
                0x00000f80                etpu_spark_3_isr
                0x00001020                etpu_knock_1_isr
                0x0000142a                intc_init
                0x00001056                etpu_knock_2_isr
                0x00001216                user_main
 .text          0x00001660     0x6418 obj\etpu_gct.o
                0x0000768c                etpu_tcr1_1000ms
                0x00001668                fs_etpu_data_ram_end
                0x0000166c                fs_etpu_data_ram_ext
                0x00001664                fs_etpu_data_ram_start
                0x00001674                etpu_globals
                0x00007690                etpu_tcr1_1000us
                0x0000168c                etpu_code
                0x00001660                eTPU_AB
                0x00007694                etpu_tcr2_720deg
                0x00001670                eTPU_C
                0x00007a26                my_system_etpu_start
                0x00007698                etpu_rpm2tp
                0x0000769c                my_system_etpu_init
 .text          0x00007a78     0x15da obj\etpu_util.o
                0x000085c2                fs_etpu_get_global_24
                0x0000895e                fs_etpu_get_chan_dma_flag
                0x00008a28                fs_etpu_clear_chan_dma_oveflow_flag
                0x000086a0                fs_etpu_set_interrupt_mask_a
                0x00008798                fs_etpu_set_output_disable_mask_b
                0x00008ade                fs_etpu_get_idle_cnt_b
                0x00008260                fs_etpu_set_chan_local_32
                0x0000815c                fs_timer_start
                0x0000851e                fs_etpu_set_global_32
                0x00008486                fs_etpu_get_chan_local_16
                0x00008842                fs_etpu_get_chan_interrupt_flag
                0x00008178                fs_etpu_malloc
                0x00008344                fs_etpu_set_chan_local_8
                0x00008f12                fs_etpu_coherent_write_32
                0x00008b12                fs_etpu_clear_idle_cnt_b
                0x00007ee6                fs_etpu_data_ram
                0x0000854e                fs_etpu_set_global_16
                0x00008a7a                fs_etpu_get_global_exceptions
                0x0000858a                fs_etpu_get_global_32
                0x00008394                fs_etpu_get_chan_local_32
                0x00007c74                fs_etpu2_init
                0x00008430                fs_etpu_get_chan_local_24
                0x000084d2                fs_etpu_get_chan_local_8
                0x000083e0                fs_etpu_get_chan_local_24s
                0x000081ca                fs_etpu_malloc2
                0x00008b2e                fs_etpu_coherent_read_24
                0x00008534                fs_etpu_set_global_24
                0x00007df4                fs_etpu_chan_init
                0x000086b4                fs_etpu_set_interrupt_mask_b
                0x000086dc                fs_etpu_set_dma_mask_b
                0x0000856c                fs_etpu_set_global_8
                0x00008ac6                fs_etpu_get_idle_cnt_a
                0x0000887a                fs_etpu_clear_chan_interrupt_flag
                0x000080ec                fs_etpu_dma_enable
                0x00007fb4                fs_etpu_get_hsr
                0x000088cc                fs_etpu_get_chan_interrupt_oveflow_flag
                0x00007f2e                fs_etpu_get_cpba_pse
                0x00008af6                fs_etpu_clear_idle_cnt_a
                0x000085a4                fs_etpu_get_global_24s
                0x000080b4                fs_etpu_interrupt_disable
                0x00008ab0                fs_etpu_get_global_error
                0x00008c86                fs_etpu_coherent_read_32
                0x00008a98                fs_etpu_clear_global_exceptions
                0x00008600                fs_etpu_get_global_8
                0x0000866a                fs_memset32
                0x000082f4                fs_etpu_set_chan_local_16
                0x000086c8                fs_etpu_set_dma_mask_a
                0x0000861a                fs_memcpy32
                0x00008dca                fs_etpu_coherent_write_24
                0x00008044                fs_etpu_disable
                0x0000807c                fs_etpu_interrupt_enable
                0x000086f0                fs_etpu_set_output_disable_mask_a
                0x000082a8                fs_etpu_set_chan_local_24
                0x00008996                fs_etpu_clear_chan_dma_flag
                0x00007f76                fs_etpu_set_hsr
                0x000089e8                fs_etpu_get_chan_dma_oveflow_flag
                0x00007a78                fs_etpu_init
                0x000085e6                fs_etpu_get_global_16
                0x0000890c                fs_etpu_clear_chan_interrupt_overflow_flag
                0x00007fee                fs_etpu_enable
                0x00008124                fs_etpu_dma_disable
 *fill*         0x00009052        0x2
 .text          0x00009054      0x28e obj\etpu_cam.o
                0x00009054                fs_etpu_cam_init
                0x000091ba                fs_etpu_cam_config
                0x000091f2                fs_etpu_cam_get_states
                0x0000923a                fs_etpu_cam_copy_log
                0x00009288                fs_etpu_cam_reset_log
 *fill*         0x000092e2        0x2
 .text          0x000092e4      0x5a4 obj\etpu_crank.o
                0x000096dc                fs_etpu_crank_get_states
                0x00009788                fs_etpu_crank_set_sync
                0x000092e4                fs_etpu_crank_init
                0x0000962a                fs_etpu_crank_config
                0x0000982e                fs_etpu_crank_get_angle_reseting
                0x000097e0                fs_etpu_crank_copy_tooth_period_log
 .text          0x00009888      0x34a obj\etpu_fuel.o
                0x00009888                fs_etpu_fuel_init
                0x00009a46                fs_etpu_fuel_config
                0x00009b68                fs_etpu_fuel_get_states
                0x00009ae6                fs_etpu_fuel_update_injection_time
 *fill*         0x00009bd2        0x2
 .text          0x00009bd4      0x708 obj\etpu_inj.o
                0x00009bd4                fs_etpu_inj_init
                0x0000a158                fs_etpu_inj_config
                0x0000a28c                fs_etpu_inj_get_states
 .text          0x0000a2dc      0x2e0 obj\etpu_knock.o
                0x0000a2dc                fs_etpu_knock_init
                0x0000a4d8                fs_etpu_knock_config
 .text          0x0000a5bc      0x414 obj\etpu_spark.o
                0x0000a836                fs_etpu_spark_config
                0x0000a972                fs_etpu_spark_get_states
                0x0000a5bc                fs_etpu_spark_init
 .text          0x0000a9d0      0x33c obj\etpu_tg.o
                0x0000ac74                fs_etpu_tg_config
                0x0000a9d0                fs_etpu_tg_init
                0x0000acc8                fs_etpu_tg_get_states
 .text          0x0000ad0c      0x1f4 C:\Program Files (x86)\ASH WARE\GenericHostTools\V1_00A\gcc-m68k-ashware\lib\gcc-lib\m68k-coff\egcs-2.91.66\mcpu32/libgcc.a(fpgnulib.o)
                0x0000aee6                __fixsfsi
                0x0000ad0c                __floatsidf
                0x0000ada2                __extendsfdf2
                0x0000ae68                __fixdfsi
                0x0000ad88                __floatsisf
                0x0000adf4                __truncdfsf2
 .text          0x0000af00      0x9aa C:\Program Files (x86)\ASH WARE\GenericHostTools\V1_00A\gcc-m68k-ashware\lib\gcc-lib\m68k-coff\egcs-2.91.66\mcpu32/libgcc.a(_double.o)
                0x0000b780                __cmpdf2
                0x0000af60                __adddf3
                0x0000b720                __negdf2
                0x0000b49e                __divdf3
                0x0000b2ea                __muldf3
                0x0000af5a                __subdf3
 *fill*         0x0000b8aa        0x2
 .text          0x0000b8ac       0x1e C:\Program Files (x86)\ASH WARE\GenericHostTools\V1_00A\gcc-m68k-ashware\lib\gcc-lib\m68k-coff\egcs-2.91.66\mcpu32/libgcc.a(_gtdf2.o)
                0x0000b8ac                __gtdf2
 *fill*         0x0000b8ca        0x2
 .text          0x0000b8cc       0x6c C:\Program Files (x86)\ASH WARE\GenericHostTools\V1_00A\gcc-m68k-ashware\lib\gcc-lib\m68k-coff\egcs-2.91.66\mcpu32/libgcc.a(_floatex.o)
                0x0000b8da                $_exception_handler
                0x0000b8cc                __clear_sticky_bit
                0x0000b938                .=ALIGN(0x4)
                0x0000b938                __CTOR_LIST__=.
                0x0000b938                ___CTOR_LIST__=.
                0x0000b938        0x4 LONG 0x0 (((__CTOR_END__-__CTOR_LIST__)/0x4)-0x2)
 *(.ctors)
                0x0000b93c        0x4 LONG 0x0
                0x0000b940                __CTOR_END__=.
                0x0000b940                __DTOR_LIST__=.
                0x0000b940                ___DTOR_LIST__=.
                0x0000b940        0x4 LONG 0x0 (((__DTOR_END__-__DTOR_LIST__)/0x4)-0x2)
 *(.dtors)
                0x0000b944        0x4 LONG 0x0
                0x0000b948                __DTOR_END__=.
 *(.rodata)
 *(.gcc_except_table)
                0x0000b948                __INIT_SECTION__=.
                0x0000b948        0x4 LONG 0x4e560000
 *(.init)
                0x0000b94c        0x2 SHORT 0x4e5e
                0x0000b94e        0x2 SHORT 0x4e75
                0x0000b950                __FINI_SECTION__=.
                0x0000b950        0x4 LONG 0x4e560000
 *(.fini)
                0x0000b954        0x2 SHORT 0x4e5e
                0x0000b956        0x2 SHORT 0x4e75
                0x0000b958                _etext=.
 *(.lit)

.data           0x0000b958      0x2c0
 *(.shdata)
 *(.data)
 .data          0x0000b958        0x4 C:\GIT\ASHWARE\Builds\Lib\libcpu32.o
                0x0000b958                vecTableBaseAddr
 .data          0x0000b95c        0xc obj\main.o
                0x0000b960                g_complete_flag
                0x0000b964                g_testbed_flag
                0x0000b95c                etpu_isr_active
 .data          0x0000b968      0x292 obj\etpu_gct.o
                0x0000ba26                spark_3_instance
                0x0000bb54                inj_injection_3_phase_config
                0x0000bbac                knock_window_config
                0x0000bb8c                knock_1_instance
                0x0000b9f8                cam_instance
                0x0000ba36                spark_4_instance
                0x0000baf4                inj_3_instance
                0x0000bb24                inj_injection_1_phase_config
                0x0000bb0c                inj_4_instance
                0x0000bbd4                cam_edge_teeth
                0x0000ba04                cam_config
                0x0000bbbc                knock_1_config
                0x0000b974                fs_etpu_c_data_ram_end
                0x0000baa6                fuel_config
                0x0000b9d8                crank_config
                0x0000ba76                fuel_1_instance
                0x0000bbf0                tg_config
                0x0000b970                fs_etpu_c_data_ram_start
                0x0000b978                fs_etpu_c_data_ram_ext
                0x0000bb60                inj_injection_config
                0x0000ba06                spark_1_instance
                0x0000b96c                fs_etpu_c_code_start
                0x0000ba16                spark_2_instance
                0x0000ba46                single_spark_config
                0x0000bbc8                knock_2_config
                0x0000bb7e                inj_config
                0x0000b968                fs_etpu_code_start
                0x0000b9a8                crank_instance
                0x0000bb38                inj_injection_2_phase_config
                0x0000ba5a                spark_config
                0x0000badc                inj_2_instance
                0x0000ba8e                fuel_3_instance
                0x0000ba9a                fuel_4_instance
                0x0000ba82                fuel_2_instance
                0x0000bb9c                knock_2_instance
                0x0000bac4                inj_1_instance
                0x0000b97c                my_etpu_config
                0x0000bbda                tg_instance
 *fill*         0x0000bbfa        0x2
 .data          0x0000bbfc       0x1c C:\Program Files (x86)\ASH WARE\GenericHostTools\V1_00A\gcc-m68k-ashware\lib\gcc-lib\m68k-coff\egcs-2.91.66\mcpu32/libgcc.a(_floatex.o)
                0x0000bbfc                _fpCCR
                0x0000bc18                _edata=.

.bss            0x0000bc18     0x1274
                0x0000bc18                .=ALIGN(0x4)
                0x0000bc18                __bss_start=.
 *(.shbss)
 *(.bss)
 .bss           0x0000bc18        0x4 obj\main.o
 *(COMMON)
 COMMON         0x0000bc1c     0x1094 C:\GIT\ASHWARE\Builds\Lib\libcpu32.o
                0x0000bc1c                g_scriptFailFlag
                0x0000bc20                isrParam2TableAddr
                0x0000bc24                isrParam1Table
                0x0000c024                isrParam1TableAddr
                0x0000c028                isrAddrTable
                0x0000c428                isrAddrTableAddr
                0x0000c42c                g_backDoorBuf
                0x0000c4ac                userVecTable
                0x0000c8ac                isrParam2Table
                0x0000ccac                isrFirstVecNum
 COMMON         0x0000ccb0      0x15c obj\main.o
                0x0000ccb0                fs_etpu_free_param
                0x0000ccb4                etpu_tooth_period_log
                0x0000cdd4                etpu_cam_log
                0x0000cdf4                eTPU
                0x0000cdf8                engine_position
                0x0000ce00                engine_speed
                0x0000ce08                etpu_engine_load
 COMMON         0x0000ce0c       0x80 obj\etpu_gct.o
                0x0000ce0c                fuel_3_states
                0x0000ce18                inj_2_states
                0x0000ce1c                fuel_2_states
                0x0000ce28                fuel_1_states
                0x0000ce34                spark_3_states
                0x0000ce3c                spark_4_states
                0x0000ce44                crank_states
                0x0000ce54                inj_1_states
                0x0000ce58                tg_states
                0x0000ce60                spark_2_states
                0x0000ce68                fuel_4_states
                0x0000ce74                spark_1_states
                0x0000ce7c                inj_3_states
                0x0000ce80                inj_4_states
                0x0000ce84                fs_free_param
                0x0000ce88                cam_states
                0x0000ce90                __bss_end=ALIGN(0x8)

.stab           0x00000000      0x21c
 *(.stab)
 .stab          0x00000000      0x21c C:\Program Files (x86)\ASH WARE\GenericHostTools\V1_00A\gcc-m68k-ashware\lib\gcc-lib\m68k-coff\egcs-2.91.66\mcpu32/libgcc.a(fpgnulib.o)

.stabstr        0x00000000      0x501
 *(.stabstr)
 .stabstr       0x00000000      0x501 C:\Program Files (x86)\ASH WARE\GenericHostTools\V1_00A\gcc-m68k-ashware\lib\gcc-lib\m68k-coff\egcs-2.91.66\mcpu32/libgcc.a(fpgnulib.o)
                                  0x0 (size before relaxing)

.heap           0x0000ce8c        0x0
                0x0000ce8c                __heap_start__=.
                0x0000ce8c                end=__heap_start__
                0x0000ce8c                _end=end
                0x0000ce8c                __end=end
OUTPUT(EngineControl.coff coff-m68k)
